DEBUG - 2026-08-17 10:32:41 --> Session: Class initialized using 'CodeIgniter\Session\Handlers\FileHandler' driver.
DEBUG - 2026-08-17 10:32:41 --> Session: Class initialized using 'CodeIgniter\Session\Handlers\FileHandler' driver.
CRITICAL - 2026-08-17 11:04:17 --> CodeIgniter\Database\Exceptions\DataException: There is no data to insert.
[Method: POST, Route: bibliotecario/cadastro_aluno/salvar]
in SYSTEMPATH\BaseModel.php on line 885.
 1 SYSTEMPATH\BaseModel.php(885): CodeIgniter\Database\Exceptions\DataException::forEmptyDataset('insert')
 2 SYSTEMPATH\Model.php(670): CodeIgniter\BaseModel->insert([], false)
 3 SYSTEMPATH\BaseModel.php(752): CodeIgniter\Model->insert([...], false)
 4 APPPATH\Controllers\CadastroAlunoController.php(29): CodeIgniter\BaseModel->save([...])
 5 SYSTEMPATH\CodeIgniter.php(974): App\Controllers\CadastroAlunoController->salvar()
 6 SYSTEMPATH\CodeIgniter.php(520): CodeIgniter\CodeIgniter->runController(Object(App\Controllers\CadastroAlunoController))
 7 SYSTEMPATH\CodeIgniter.php(363): CodeIgniter\CodeIgniter->handleRequest(null, Object(Config\Cache), false)
 8 SYSTEMPATH\Boot.php(417): CodeIgniter\CodeIgniter->run()
 9 SYSTEMPATH\Boot.php(68): CodeIgniter\Boot::runCodeIgniter(Object(CodeIgniter\CodeIgniter))
10 FCPATH\index.php(59): CodeIgniter\Boot::bootWeb(Object(Config\Paths))
11 SYSTEMPATH\rewrite.php(44): require_once('C:\\xampp\\htdocs\\Projeto_Nexus_Biblioteca\\public\\index.php')
CRITICAL - 2026-08-17 11:05:04 --> CodeIgniter\Database\Exceptions\DataException: There is no primary key defined when trying to make insert.
[Method: POST, Route: bibliotecario/cadastro_aluno/salvar]
in SYSTEMPATH\Model.php on line 317.
 1 SYSTEMPATH\Model.php(317): CodeIgniter\Database\Exceptions\DataException::forEmptyPrimaryKey('insert')
 2 SYSTEMPATH\BaseModel.php(899): CodeIgniter\Model->doInsert([])
 3 SYSTEMPATH\Model.php(670): CodeIgniter\BaseModel->insert([], false)
 4 SYSTEMPATH\BaseModel.php(752): CodeIgniter\Model->insert([...], false)
 5 APPPATH\Controllers\CadastroAlunoController.php(29): CodeIgniter\BaseModel->save([...])
 6 SYSTEMPATH\CodeIgniter.php(974): App\Controllers\CadastroAlunoController->salvar()
 7 SYSTEMPATH\CodeIgniter.php(520): CodeIgniter\CodeIgniter->runController(Object(App\Controllers\CadastroAlunoController))
 8 SYSTEMPATH\CodeIgniter.php(363): CodeIgniter\CodeIgniter->handleRequest(null, Object(Config\Cache), false)
 9 SYSTEMPATH\Boot.php(417): CodeIgniter\CodeIgniter->run()
10 SYSTEMPATH\Boot.php(68): CodeIgniter\Boot::runCodeIgniter(Object(CodeIgniter\CodeIgniter))
11 FCPATH\index.php(59): CodeIgniter\Boot::bootWeb(Object(Config\Paths))
12 SYSTEMPATH\rewrite.php(44): require_once('C:\\xampp\\htdocs\\Projeto_Nexus_Biblioteca\\public\\index.php')
ERROR - 2026-08-17 11:09:41 --> Cannot add or update a child row: a foreign key constraint fails (`biblioteca`.`aluno`, CONSTRAINT `aluno_ibfk_1` FOREIGN KEY (`cpf`) REFERENCES `usuario` (`cpf`))
in SYSTEMPATH\Database\MySQLi\Connection.php on line 300.
 1 SYSTEMPATH\Database\MySQLi\Connection.php(300): mysqli->query('INSERT INTO `aluno` (`nome`, `cpf`, `ano`, `turma`, `curso`, `endereco`, `bairro`, `contato`) VALUES (\'Migues\', \'43943068846\', \'3\', \'D\', \'Informatico\', \'Rua da boca\', \'Vilas Esperança\', \'85991223289\')', 0)
 2 SYSTEMPATH\Database\BaseConnection.php(908): CodeIgniter\Database\MySQLi\Connection->execute('INSERT INTO `aluno` (`nome`, `cpf`, `ano`, `turma`, `curso`, `endereco`, `bairro`, `contato`) VALUES (\'Migues\', \'43943068846\', \'3\', \'D\', \'Informatico\', \'Rua da boca\', \'Vilas Esperança\', \'85991223289\')')
 3 SYSTEMPATH\Database\BaseConnection.php(825): CodeIgniter\Database\BaseConnection->simpleQuery('INSERT INTO `aluno` (`nome`, `cpf`, `ano`, `turma`, `curso`, `endereco`, `bairro`, `contato`) VALUES (\'Migues\', \'43943068846\', \'3\', \'D\', \'Informatico\', \'Rua da boca\', \'Vilas Esperança\', \'85991223289\')')
 4 SYSTEMPATH\Database\BaseBuilder.php(2355): CodeIgniter\Database\BaseConnection->query('INSERT INTO `aluno` (`nome`, `cpf`, `ano`, `turma`, `curso`, `endereco`, `bairro`, `contato`) VALUES (:nome:, :cpf.1:, :ano:, :turma:, :curso:, :endereco:, :bairro:, :contato:)', [...], false)
 5 SYSTEMPATH\Model.php(357): CodeIgniter\Database\BaseBuilder->insert()
 6 SYSTEMPATH\BaseModel.php(899): CodeIgniter\Model->doInsert([...])
 7 SYSTEMPATH\Model.php(670): CodeIgniter\BaseModel->insert([...], false)
 8 SYSTEMPATH\BaseModel.php(752): CodeIgniter\Model->insert([...], false)
 9 APPPATH\Controllers\CadastroAlunoController.php(29): CodeIgniter\BaseModel->save([...])
10 SYSTEMPATH\CodeIgniter.php(974): App\Controllers\CadastroAlunoController->salvar()
11 SYSTEMPATH\CodeIgniter.php(520): CodeIgniter\CodeIgniter->runController(Object(App\Controllers\CadastroAlunoController))
12 SYSTEMPATH\CodeIgniter.php(363): CodeIgniter\CodeIgniter->handleRequest(null, Object(Config\Cache), false)
13 SYSTEMPATH\Boot.php(417): CodeIgniter\CodeIgniter->run()
14 SYSTEMPATH\Boot.php(68): CodeIgniter\Boot::runCodeIgniter(Object(CodeIgniter\CodeIgniter))
15 FCPATH\index.php(59): CodeIgniter\Boot::bootWeb(Object(Config\Paths))
16 SYSTEMPATH\rewrite.php(44): require_once('C:\\xampp\\htdocs\\Projeto_Nexus_Biblioteca\\public\\index.php')
CRITICAL - 2026-08-17 11:09:41 --> CodeIgniter\Database\Exceptions\DatabaseException: Cannot add or update a child row: a foreign key constraint fails (`biblioteca`.`aluno`, CONSTRAINT `aluno_ibfk_1` FOREIGN KEY (`cpf`) REFERENCES `usuario` (`cpf`))
[Method: POST, Route: bibliotecario/cadastro_aluno/salvar]
in SYSTEMPATH\Database\BaseConnection.php on line 863.
 1 SYSTEMPATH\Database\BaseBuilder.php(2355): CodeIgniter\Database\BaseConnection->query('INSERT INTO `aluno` (`nome`, `cpf`, `ano`, `turma`, `curso`, `endereco`, `bairro`, `contato`) VALUES (:nome:, :cpf.1:, :ano:, :turma:, :curso:, :endereco:, :bairro:, :contato:)', [...], false)
 2 SYSTEMPATH\Model.php(357): CodeIgniter\Database\BaseBuilder->insert()
 3 SYSTEMPATH\BaseModel.php(899): CodeIgniter\Model->doInsert([...])
 4 SYSTEMPATH\Model.php(670): CodeIgniter\BaseModel->insert([...], false)
 5 SYSTEMPATH\BaseModel.php(752): CodeIgniter\Model->insert([...], false)
 6 APPPATH\Controllers\CadastroAlunoController.php(29): CodeIgniter\BaseModel->save([...])
 7 SYSTEMPATH\CodeIgniter.php(974): App\Controllers\CadastroAlunoController->salvar()
 8 SYSTEMPATH\CodeIgniter.php(520): CodeIgniter\CodeIgniter->runController(Object(App\Controllers\CadastroAlunoController))
 9 SYSTEMPATH\CodeIgniter.php(363): CodeIgniter\CodeIgniter->handleRequest(null, Object(Config\Cache), false)
10 SYSTEMPATH\Boot.php(417): CodeIgniter\CodeIgniter->run()
11 SYSTEMPATH\Boot.php(68): CodeIgniter\Boot::runCodeIgniter(Object(CodeIgniter\CodeIgniter))
12 FCPATH\index.php(59): CodeIgniter\Boot::bootWeb(Object(Config\Paths))
13 SYSTEMPATH\rewrite.php(44): require_once('C:\\xampp\\htdocs\\Projeto_Nexus_Biblioteca\\public\\index.php')
CRITICAL - 2026-08-17 11:09:41 --> [Caused by] CodeIgniter\Database\Exceptions\DatabaseException: Cannot add or update a child row: a foreign key constraint fails (`biblioteca`.`aluno`, CONSTRAINT `aluno_ibfk_1` FOREIGN KEY (`cpf`) REFERENCES `usuario` (`cpf`))
in SYSTEMPATH\Database\MySQLi\Connection.php on line 310.
 1 SYSTEMPATH\Database\BaseConnection.php(908): CodeIgniter\Database\MySQLi\Connection->execute('INSERT INTO `aluno` (`nome`, `cpf`, `ano`, `turma`, `curso`, `endereco`, `bairro`, `contato`) VALUES (\'Migues\', \'43943068846\', \'3\', \'D\', \'Informatico\', \'Rua da boca\', \'Vilas Esperança\', \'85991223289\')')
 2 SYSTEMPATH\Database\BaseConnection.php(825): CodeIgniter\Database\BaseConnection->simpleQuery('INSERT INTO `aluno` (`nome`, `cpf`, `ano`, `turma`, `curso`, `endereco`, `bairro`, `contato`) VALUES (\'Migues\', \'43943068846\', \'3\', \'D\', \'Informatico\', \'Rua da boca\', \'Vilas Esperança\', \'85991223289\')')
 3 SYSTEMPATH\Database\BaseBuilder.php(2355): CodeIgniter\Database\BaseConnection->query('INSERT INTO `aluno` (`nome`, `cpf`, `ano`, `turma`, `curso`, `endereco`, `bairro`, `contato`) VALUES (:nome:, :cpf.1:, :ano:, :turma:, :curso:, :endereco:, :bairro:, :contato:)', [...], false)
 4 SYSTEMPATH\Model.php(357): CodeIgniter\Database\BaseBuilder->insert()
 5 SYSTEMPATH\BaseModel.php(899): CodeIgniter\Model->doInsert([...])
 6 SYSTEMPATH\Model.php(670): CodeIgniter\BaseModel->insert([...], false)
 7 SYSTEMPATH\BaseModel.php(752): CodeIgniter\Model->insert([...], false)
 8 APPPATH\Controllers\CadastroAlunoController.php(29): CodeIgniter\BaseModel->save([...])
 9 SYSTEMPATH\CodeIgniter.php(974): App\Controllers\CadastroAlunoController->salvar()
10 SYSTEMPATH\CodeIgniter.php(520): CodeIgniter\CodeIgniter->runController(Object(App\Controllers\CadastroAlunoController))
11 SYSTEMPATH\CodeIgniter.php(363): CodeIgniter\CodeIgniter->handleRequest(null, Object(Config\Cache), false)
12 SYSTEMPATH\Boot.php(417): CodeIgniter\CodeIgniter->run()
13 SYSTEMPATH\Boot.php(68): CodeIgniter\Boot::runCodeIgniter(Object(CodeIgniter\CodeIgniter))
14 FCPATH\index.php(59): CodeIgniter\Boot::bootWeb(Object(Config\Paths))
15 SYSTEMPATH\rewrite.php(44): require_once('C:\\xampp\\htdocs\\Projeto_Nexus_Biblioteca\\public\\index.php')
CRITICAL - 2026-08-17 11:09:41 --> [Caused by] mysqli_sql_exception: Cannot add or update a child row: a foreign key constraint fails (`biblioteca`.`aluno`, CONSTRAINT `aluno_ibfk_1` FOREIGN KEY (`cpf`) REFERENCES `usuario` (`cpf`))
in SYSTEMPATH\Database\MySQLi\Connection.php on line 300.
 1 SYSTEMPATH\Database\MySQLi\Connection.php(300): mysqli->query('INSERT INTO `aluno` (`nome`, `cpf`, `ano`, `turma`, `curso`, `endereco`, `bairro`, `contato`) VALUES (\'Migues\', \'43943068846\', \'3\', \'D\', \'Informatico\', \'Rua da boca\', \'Vilas Esperança\', \'85991223289\')', 0)
 2 SYSTEMPATH\Database\BaseConnection.php(908): CodeIgniter\Database\MySQLi\Connection->execute('INSERT INTO `aluno` (`nome`, `cpf`, `ano`, `turma`, `curso`, `endereco`, `bairro`, `contato`) VALUES (\'Migues\', \'43943068846\', \'3\', \'D\', \'Informatico\', \'Rua da boca\', \'Vilas Esperança\', \'85991223289\')')
 3 SYSTEMPATH\Database\BaseConnection.php(825): CodeIgniter\Database\BaseConnection->simpleQuery('INSERT INTO `aluno` (`nome`, `cpf`, `ano`, `turma`, `curso`, `endereco`, `bairro`, `contato`) VALUES (\'Migues\', \'43943068846\', \'3\', \'D\', \'Informatico\', \'Rua da boca\', \'Vilas Esperança\', \'85991223289\')')
 4 SYSTEMPATH\Database\BaseBuilder.php(2355): CodeIgniter\Database\BaseConnection->query('INSERT INTO `aluno` (`nome`, `cpf`, `ano`, `turma`, `curso`, `endereco`, `bairro`, `contato`) VALUES (:nome:, :cpf.1:, :ano:, :turma:, :curso:, :endereco:, :bairro:, :contato:)', [...], false)
 5 SYSTEMPATH\Model.php(357): CodeIgniter\Database\BaseBuilder->insert()
 6 SYSTEMPATH\BaseModel.php(899): CodeIgniter\Model->doInsert([...])
 7 SYSTEMPATH\Model.php(670): CodeIgniter\BaseModel->insert([...], false)
 8 SYSTEMPATH\BaseModel.php(752): CodeIgniter\Model->insert([...], false)
 9 APPPATH\Controllers\CadastroAlunoController.php(29): CodeIgniter\BaseModel->save([...])
10 SYSTEMPATH\CodeIgniter.php(974): App\Controllers\CadastroAlunoController->salvar()
11 SYSTEMPATH\CodeIgniter.php(520): CodeIgniter\CodeIgniter->runController(Object(App\Controllers\CadastroAlunoController))
12 SYSTEMPATH\CodeIgniter.php(363): CodeIgniter\CodeIgniter->handleRequest(null, Object(Config\Cache), false)
13 SYSTEMPATH\Boot.php(417): CodeIgniter\CodeIgniter->run()
14 SYSTEMPATH\Boot.php(68): CodeIgniter\Boot::runCodeIgniter(Object(CodeIgniter\CodeIgniter))
15 FCPATH\index.php(59): CodeIgniter\Boot::bootWeb(Object(Config\Paths))
16 SYSTEMPATH\rewrite.php(44): require_once('C:\\xampp\\htdocs\\Projeto_Nexus_Biblioteca\\public\\index.php')
ERROR - 2026-08-17 11:14:51 --> Cannot add or update a child row: a foreign key constraint fails (`biblioteca`.`aluno`, CONSTRAINT `aluno_ibfk_1` FOREIGN KEY (`cpf`) REFERENCES `usuario` (`cpf`))
in SYSTEMPATH\Database\MySQLi\Connection.php on line 300.
 1 SYSTEMPATH\Database\MySQLi\Connection.php(300): mysqli->query('INSERT INTO `aluno` (`nome`, `cpf`, `ano`, `turma`, `curso`, `endereco`, `bairro`, `contato`) VALUES (\'Migues\', \'43943068846\', \'3\', \'D\', \'Informatico\', \'Rua da boca\', \'Vilas Esperança\', \'85991223289\')', 0)
 2 SYSTEMPATH\Database\BaseConnection.php(908): CodeIgniter\Database\MySQLi\Connection->execute('INSERT INTO `aluno` (`nome`, `cpf`, `ano`, `turma`, `curso`, `endereco`, `bairro`, `contato`) VALUES (\'Migues\', \'43943068846\', \'3\', \'D\', \'Informatico\', \'Rua da boca\', \'Vilas Esperança\', \'85991223289\')')
 3 SYSTEMPATH\Database\BaseConnection.php(825): CodeIgniter\Database\BaseConnection->simpleQuery('INSERT INTO `aluno` (`nome`, `cpf`, `ano`, `turma`, `curso`, `endereco`, `bairro`, `contato`) VALUES (\'Migues\', \'43943068846\', \'3\', \'D\', \'Informatico\', \'Rua da boca\', \'Vilas Esperança\', \'85991223289\')')
 4 SYSTEMPATH\Database\BaseBuilder.php(2355): CodeIgniter\Database\BaseConnection->query('INSERT INTO `aluno` (`nome`, `cpf`, `ano`, `turma`, `curso`, `endereco`, `bairro`, `contato`) VALUES (:nome:, :cpf.1:, :ano:, :turma:, :curso:, :endereco:, :bairro:, :contato:)', [...], false)
 5 SYSTEMPATH\Model.php(357): CodeIgniter\Database\BaseBuilder->insert()
 6 SYSTEMPATH\BaseModel.php(899): CodeIgniter\Model->doInsert([...])
 7 SYSTEMPATH\Model.php(670): CodeIgniter\BaseModel->insert([...], false)
 8 SYSTEMPATH\BaseModel.php(752): CodeIgniter\Model->insert([...], false)
 9 APPPATH\Controllers\CadastroAlunoController.php(29): CodeIgniter\BaseModel->save([...])
10 SYSTEMPATH\CodeIgniter.php(974): App\Controllers\CadastroAlunoController->salvar()
11 SYSTEMPATH\CodeIgniter.php(520): CodeIgniter\CodeIgniter->runController(Object(App\Controllers\CadastroAlunoController))
12 SYSTEMPATH\CodeIgniter.php(363): CodeIgniter\CodeIgniter->handleRequest(null, Object(Config\Cache), false)
13 SYSTEMPATH\Boot.php(417): CodeIgniter\CodeIgniter->run()
14 SYSTEMPATH\Boot.php(68): CodeIgniter\Boot::runCodeIgniter(Object(CodeIgniter\CodeIgniter))
15 FCPATH\index.php(59): CodeIgniter\Boot::bootWeb(Object(Config\Paths))
16 SYSTEMPATH\rewrite.php(44): require_once('C:\\xampp\\htdocs\\Projeto_Nexus_Biblioteca\\public\\index.php')
CRITICAL - 2026-08-17 11:14:51 --> CodeIgniter\Database\Exceptions\DatabaseException: Cannot add or update a child row: a foreign key constraint fails (`biblioteca`.`aluno`, CONSTRAINT `aluno_ibfk_1` FOREIGN KEY (`cpf`) REFERENCES `usuario` (`cpf`))
[Method: POST, Route: bibliotecario/cadastro_aluno/salvar]
in SYSTEMPATH\Database\BaseConnection.php on line 863.
 1 SYSTEMPATH\Database\BaseBuilder.php(2355): CodeIgniter\Database\BaseConnection->query('INSERT INTO `aluno` (`nome`, `cpf`, `ano`, `turma`, `curso`, `endereco`, `bairro`, `contato`) VALUES (:nome:, :cpf.1:, :ano:, :turma:, :curso:, :endereco:, :bairro:, :contato:)', [...], false)
 2 SYSTEMPATH\Model.php(357): CodeIgniter\Database\BaseBuilder->insert()
 3 SYSTEMPATH\BaseModel.php(899): CodeIgniter\Model->doInsert([...])
 4 SYSTEMPATH\Model.php(670): CodeIgniter\BaseModel->insert([...], false)
 5 SYSTEMPATH\BaseModel.php(752): CodeIgniter\Model->insert([...], false)
 6 APPPATH\Controllers\CadastroAlunoController.php(29): CodeIgniter\BaseModel->save([...])
 7 SYSTEMPATH\CodeIgniter.php(974): App\Controllers\CadastroAlunoController->salvar()
 8 SYSTEMPATH\CodeIgniter.php(520): CodeIgniter\CodeIgniter->runController(Object(App\Controllers\CadastroAlunoController))
 9 SYSTEMPATH\CodeIgniter.php(363): CodeIgniter\CodeIgniter->handleRequest(null, Object(Config\Cache), false)
10 SYSTEMPATH\Boot.php(417): CodeIgniter\CodeIgniter->run()
11 SYSTEMPATH\Boot.php(68): CodeIgniter\Boot::runCodeIgniter(Object(CodeIgniter\CodeIgniter))
12 FCPATH\index.php(59): CodeIgniter\Boot::bootWeb(Object(Config\Paths))
13 SYSTEMPATH\rewrite.php(44): require_once('C:\\xampp\\htdocs\\Projeto_Nexus_Biblioteca\\public\\index.php')
CRITICAL - 2026-08-17 11:14:51 --> [Caused by] CodeIgniter\Database\Exceptions\DatabaseException: Cannot add or update a child row: a foreign key constraint fails (`biblioteca`.`aluno`, CONSTRAINT `aluno_ibfk_1` FOREIGN KEY (`cpf`) REFERENCES `usuario` (`cpf`))
in SYSTEMPATH\Database\MySQLi\Connection.php on line 310.
 1 SYSTEMPATH\Database\BaseConnection.php(908): CodeIgniter\Database\MySQLi\Connection->execute('INSERT INTO `aluno` (`nome`, `cpf`, `ano`, `turma`, `curso`, `endereco`, `bairro`, `contato`) VALUES (\'Migues\', \'43943068846\', \'3\', \'D\', \'Informatico\', \'Rua da boca\', \'Vilas Esperança\', \'85991223289\')')
 2 SYSTEMPATH\Database\BaseConnection.php(825): CodeIgniter\Database\BaseConnection->simpleQuery('INSERT INTO `aluno` (`nome`, `cpf`, `ano`, `turma`, `curso`, `endereco`, `bairro`, `contato`) VALUES (\'Migues\', \'43943068846\', \'3\', \'D\', \'Informatico\', \'Rua da boca\', \'Vilas Esperança\', \'85991223289\')')
 3 SYSTEMPATH\Database\BaseBuilder.php(2355): CodeIgniter\Database\BaseConnection->query('INSERT INTO `aluno` (`nome`, `cpf`, `ano`, `turma`, `curso`, `endereco`, `bairro`, `contato`) VALUES (:nome:, :cpf.1:, :ano:, :turma:, :curso:, :endereco:, :bairro:, :contato:)', [...], false)
 4 SYSTEMPATH\Model.php(357): CodeIgniter\Database\BaseBuilder->insert()
 5 SYSTEMPATH\BaseModel.php(899): CodeIgniter\Model->doInsert([...])
 6 SYSTEMPATH\Model.php(670): CodeIgniter\BaseModel->insert([...], false)
 7 SYSTEMPATH\BaseModel.php(752): CodeIgniter\Model->insert([...], false)
 8 APPPATH\Controllers\CadastroAlunoController.php(29): CodeIgniter\BaseModel->save([...])
 9 SYSTEMPATH\CodeIgniter.php(974): App\Controllers\CadastroAlunoController->salvar()
10 SYSTEMPATH\CodeIgniter.php(520): CodeIgniter\CodeIgniter->runController(Object(App\Controllers\CadastroAlunoController))
11 SYSTEMPATH\CodeIgniter.php(363): CodeIgniter\CodeIgniter->handleRequest(null, Object(Config\Cache), false)
12 SYSTEMPATH\Boot.php(417): CodeIgniter\CodeIgniter->run()
13 SYSTEMPATH\Boot.php(68): CodeIgniter\Boot::runCodeIgniter(Object(CodeIgniter\CodeIgniter))
14 FCPATH\index.php(59): CodeIgniter\Boot::bootWeb(Object(Config\Paths))
15 SYSTEMPATH\rewrite.php(44): require_once('C:\\xampp\\htdocs\\Projeto_Nexus_Biblioteca\\public\\index.php')
CRITICAL - 2026-08-17 11:14:51 --> [Caused by] mysqli_sql_exception: Cannot add or update a child row: a foreign key constraint fails (`biblioteca`.`aluno`, CONSTRAINT `aluno_ibfk_1` FOREIGN KEY (`cpf`) REFERENCES `usuario` (`cpf`))
in SYSTEMPATH\Database\MySQLi\Connection.php on line 300.
 1 SYSTEMPATH\Database\MySQLi\Connection.php(300): mysqli->query('INSERT INTO `aluno` (`nome`, `cpf`, `ano`, `turma`, `curso`, `endereco`, `bairro`, `contato`) VALUES (\'Migues\', \'43943068846\', \'3\', \'D\', \'Informatico\', \'Rua da boca\', \'Vilas Esperança\', \'85991223289\')', 0)
 2 SYSTEMPATH\Database\BaseConnection.php(908): CodeIgniter\Database\MySQLi\Connection->execute('INSERT INTO `aluno` (`nome`, `cpf`, `ano`, `turma`, `curso`, `endereco`, `bairro`, `contato`) VALUES (\'Migues\', \'43943068846\', \'3\', \'D\', \'Informatico\', \'Rua da boca\', \'Vilas Esperança\', \'85991223289\')')
 3 SYSTEMPATH\Database\BaseConnection.php(825): CodeIgniter\Database\BaseConnection->simpleQuery('INSERT INTO `aluno` (`nome`, `cpf`, `ano`, `turma`, `curso`, `endereco`, `bairro`, `contato`) VALUES (\'Migues\', \'43943068846\', \'3\', \'D\', \'Informatico\', \'Rua da boca\', \'Vilas Esperança\', \'85991223289\')')
 4 SYSTEMPATH\Database\BaseBuilder.php(2355): CodeIgniter\Database\BaseConnection->query('INSERT INTO `aluno` (`nome`, `cpf`, `ano`, `turma`, `curso`, `endereco`, `bairro`, `contato`) VALUES (:nome:, :cpf.1:, :ano:, :turma:, :curso:, :endereco:, :bairro:, :contato:)', [...], false)
 5 SYSTEMPATH\Model.php(357): CodeIgniter\Database\BaseBuilder->insert()
 6 SYSTEMPATH\BaseModel.php(899): CodeIgniter\Model->doInsert([...])
 7 SYSTEMPATH\Model.php(670): CodeIgniter\BaseModel->insert([...], false)
 8 SYSTEMPATH\BaseModel.php(752): CodeIgniter\Model->insert([...], false)
 9 APPPATH\Controllers\CadastroAlunoController.php(29): CodeIgniter\BaseModel->save([...])
10 SYSTEMPATH\CodeIgniter.php(974): App\Controllers\CadastroAlunoController->salvar()
11 SYSTEMPATH\CodeIgniter.php(520): CodeIgniter\CodeIgniter->runController(Object(App\Controllers\CadastroAlunoController))
12 SYSTEMPATH\CodeIgniter.php(363): CodeIgniter\CodeIgniter->handleRequest(null, Object(Config\Cache), false)
13 SYSTEMPATH\Boot.php(417): CodeIgniter\CodeIgniter->run()
14 SYSTEMPATH\Boot.php(68): CodeIgniter\Boot::runCodeIgniter(Object(CodeIgniter\CodeIgniter))
15 FCPATH\index.php(59): CodeIgniter\Boot::bootWeb(Object(Config\Paths))
16 SYSTEMPATH\rewrite.php(44): require_once('C:\\xampp\\htdocs\\Projeto_Nexus_Biblioteca\\public\\index.php')
CRITICAL - 2026-08-17 11:20:27 --> Error: Call to a member function getPost() on null
[Method: POST, Route: bibliotecario/cadastro_aluno/salvar]
in APPPATH\Controllers\LoginController.php on line 57.
 1 APPPATH\Controllers\CadastroAlunoController.php(28): App\Controllers\LoginController->salvar()
 2 SYSTEMPATH\CodeIgniter.php(974): App\Controllers\CadastroAlunoController->salvar()
 3 SYSTEMPATH\CodeIgniter.php(520): CodeIgniter\CodeIgniter->runController(Object(App\Controllers\CadastroAlunoController))
 4 SYSTEMPATH\CodeIgniter.php(363): CodeIgniter\CodeIgniter->handleRequest(null, Object(Config\Cache), false)
 5 SYSTEMPATH\Boot.php(417): CodeIgniter\CodeIgniter->run()
 6 SYSTEMPATH\Boot.php(68): CodeIgniter\Boot::runCodeIgniter(Object(CodeIgniter\CodeIgniter))
 7 FCPATH\index.php(59): CodeIgniter\Boot::bootWeb(Object(Config\Paths))
 8 SYSTEMPATH\rewrite.php(44): require_once('C:\\xampp\\htdocs\\Projeto_Nexus_Biblioteca\\public\\index.php')
CRITICAL - 2026-08-17 11:22:01 --> Error: Call to a member function getPost() on null
[Method: POST, Route: bibliotecario/cadastro_aluno/salvar]
in APPPATH\Controllers\LoginController.php on line 57.
 1 APPPATH\Controllers\CadastroAlunoController.php(29): App\Controllers\LoginController->salvar()
 2 SYSTEMPATH\CodeIgniter.php(974): App\Controllers\CadastroAlunoController->salvar()
 3 SYSTEMPATH\CodeIgniter.php(520): CodeIgniter\CodeIgniter->runController(Object(App\Controllers\CadastroAlunoController))
 4 SYSTEMPATH\CodeIgniter.php(363): CodeIgniter\CodeIgniter->handleRequest(null, Object(Config\Cache), false)
 5 SYSTEMPATH\Boot.php(417): CodeIgniter\CodeIgniter->run()
 6 SYSTEMPATH\Boot.php(68): CodeIgniter\Boot::runCodeIgniter(Object(CodeIgniter\CodeIgniter))
 7 FCPATH\index.php(59): CodeIgniter\Boot::bootWeb(Object(Config\Paths))
 8 SYSTEMPATH\rewrite.php(44): require_once('C:\\xampp\\htdocs\\Projeto_Nexus_Biblioteca\\public\\index.php')
ERROR - 2026-08-17 11:24:33 --> Duplicate entry '2147483647' for key 'PRIMARY'
in SYSTEMPATH\Database\MySQLi\Connection.php on line 300.
 1 SYSTEMPATH\Database\MySQLi\Connection.php(300): mysqli->query('INSERT INTO `usuario` (`cpf`, `senha`, `email`, `tipo_usuario`) VALUES (\'43943068846\', \'dvvefv\', \'miguel@gmail.com\', \'1\')', 0)
 2 SYSTEMPATH\Database\BaseConnection.php(908): CodeIgniter\Database\MySQLi\Connection->execute('INSERT INTO `usuario` (`cpf`, `senha`, `email`, `tipo_usuario`) VALUES (\'43943068846\', \'dvvefv\', \'miguel@gmail.com\', \'1\')')
 3 SYSTEMPATH\Database\BaseConnection.php(825): CodeIgniter\Database\BaseConnection->simpleQuery('INSERT INTO `usuario` (`cpf`, `senha`, `email`, `tipo_usuario`) VALUES (\'43943068846\', \'dvvefv\', \'miguel@gmail.com\', \'1\')')
 4 SYSTEMPATH\Database\BaseBuilder.php(2355): CodeIgniter\Database\BaseConnection->query('INSERT INTO `usuario` (`cpf`, `senha`, `email`, `tipo_usuario`) VALUES (:cpf.1:, :senha:, :email:, :tipo_usuario:)', [...], false)
 5 SYSTEMPATH\Model.php(357): CodeIgniter\Database\BaseBuilder->insert()
 6 SYSTEMPATH\BaseModel.php(899): CodeIgniter\Model->doInsert([...])
 7 SYSTEMPATH\Model.php(670): CodeIgniter\BaseModel->insert([...], false)
 8 SYSTEMPATH\BaseModel.php(752): CodeIgniter\Model->insert([...], false)
 9 APPPATH\Controllers\LoginController.php(57): CodeIgniter\BaseModel->save([...])
10 APPPATH\Controllers\CadastroAlunoController.php(29): App\Controllers\LoginController->salvar([...])
11 SYSTEMPATH\CodeIgniter.php(974): App\Controllers\CadastroAlunoController->salvar()
12 SYSTEMPATH\CodeIgniter.php(520): CodeIgniter\CodeIgniter->runController(Object(App\Controllers\CadastroAlunoController))
13 SYSTEMPATH\CodeIgniter.php(363): CodeIgniter\CodeIgniter->handleRequest(null, Object(Config\Cache), false)
14 SYSTEMPATH\Boot.php(417): CodeIgniter\CodeIgniter->run()
15 SYSTEMPATH\Boot.php(68): CodeIgniter\Boot::runCodeIgniter(Object(CodeIgniter\CodeIgniter))
16 FCPATH\index.php(59): CodeIgniter\Boot::bootWeb(Object(Config\Paths))
17 SYSTEMPATH\rewrite.php(44): require_once('C:\\xampp\\htdocs\\Projeto_Nexus_Biblioteca\\public\\index.php')
CRITICAL - 2026-08-17 11:24:33 --> CodeIgniter\Database\Exceptions\DatabaseException: Duplicate entry '2147483647' for key 'PRIMARY'
[Method: POST, Route: bibliotecario/cadastro_aluno/salvar]
in SYSTEMPATH\Database\BaseConnection.php on line 863.
 1 SYSTEMPATH\Database\BaseBuilder.php(2355): CodeIgniter\Database\BaseConnection->query('INSERT INTO `usuario` (`cpf`, `senha`, `email`, `tipo_usuario`) VALUES (:cpf.1:, :senha:, :email:, :tipo_usuario:)', [...], false)
 2 SYSTEMPATH\Model.php(357): CodeIgniter\Database\BaseBuilder->insert()
 3 SYSTEMPATH\BaseModel.php(899): CodeIgniter\Model->doInsert([...])
 4 SYSTEMPATH\Model.php(670): CodeIgniter\BaseModel->insert([...], false)
 5 SYSTEMPATH\BaseModel.php(752): CodeIgniter\Model->insert([...], false)
 6 APPPATH\Controllers\LoginController.php(57): CodeIgniter\BaseModel->save([...])
 7 APPPATH\Controllers\CadastroAlunoController.php(29): App\Controllers\LoginController->salvar([...])
 8 SYSTEMPATH\CodeIgniter.php(974): App\Controllers\CadastroAlunoController->salvar()
 9 SYSTEMPATH\CodeIgniter.php(520): CodeIgniter\CodeIgniter->runController(Object(App\Controllers\CadastroAlunoController))
10 SYSTEMPATH\CodeIgniter.php(363): CodeIgniter\CodeIgniter->handleRequest(null, Object(Config\Cache), false)
11 SYSTEMPATH\Boot.php(417): CodeIgniter\CodeIgniter->run()
12 SYSTEMPATH\Boot.php(68): CodeIgniter\Boot::runCodeIgniter(Object(CodeIgniter\CodeIgniter))
13 FCPATH\index.php(59): CodeIgniter\Boot::bootWeb(Object(Config\Paths))
14 SYSTEMPATH\rewrite.php(44): require_once('C:\\xampp\\htdocs\\Projeto_Nexus_Biblioteca\\public\\index.php')
CRITICAL - 2026-08-17 11:24:33 --> [Caused by] CodeIgniter\Database\Exceptions\DatabaseException: Duplicate entry '2147483647' for key 'PRIMARY'
in SYSTEMPATH\Database\MySQLi\Connection.php on line 310.
 1 SYSTEMPATH\Database\BaseConnection.php(908): CodeIgniter\Database\MySQLi\Connection->execute('INSERT INTO `usuario` (`cpf`, `senha`, `email`, `tipo_usuario`) VALUES (\'43943068846\', \'dvvefv\', \'miguel@gmail.com\', \'1\')')
 2 SYSTEMPATH\Database\BaseConnection.php(825): CodeIgniter\Database\BaseConnection->simpleQuery('INSERT INTO `usuario` (`cpf`, `senha`, `email`, `tipo_usuario`) VALUES (\'43943068846\', \'dvvefv\', \'miguel@gmail.com\', \'1\')')
 3 SYSTEMPATH\Database\BaseBuilder.php(2355): CodeIgniter\Database\BaseConnection->query('INSERT INTO `usuario` (`cpf`, `senha`, `email`, `tipo_usuario`) VALUES (:cpf.1:, :senha:, :email:, :tipo_usuario:)', [...], false)
 4 SYSTEMPATH\Model.php(357): CodeIgniter\Database\BaseBuilder->insert()
 5 SYSTEMPATH\BaseModel.php(899): CodeIgniter\Model->doInsert([...])
 6 SYSTEMPATH\Model.php(670): CodeIgniter\BaseModel->insert([...], false)
 7 SYSTEMPATH\BaseModel.php(752): CodeIgniter\Model->insert([...], false)
 8 APPPATH\Controllers\LoginController.php(57): CodeIgniter\BaseModel->save([...])
 9 APPPATH\Controllers\CadastroAlunoController.php(29): App\Controllers\LoginController->salvar([...])
10 SYSTEMPATH\CodeIgniter.php(974): App\Controllers\CadastroAlunoController->salvar()
11 SYSTEMPATH\CodeIgniter.php(520): CodeIgniter\CodeIgniter->runController(Object(App\Controllers\CadastroAlunoController))
12 SYSTEMPATH\CodeIgniter.php(363): CodeIgniter\CodeIgniter->handleRequest(null, Object(Config\Cache), false)
13 SYSTEMPATH\Boot.php(417): CodeIgniter\CodeIgniter->run()
14 SYSTEMPATH\Boot.php(68): CodeIgniter\Boot::runCodeIgniter(Object(CodeIgniter\CodeIgniter))
15 FCPATH\index.php(59): CodeIgniter\Boot::bootWeb(Object(Config\Paths))
16 SYSTEMPATH\rewrite.php(44): require_once('C:\\xampp\\htdocs\\Projeto_Nexus_Biblioteca\\public\\index.php')
CRITICAL - 2026-08-17 11:24:33 --> [Caused by] mysqli_sql_exception: Duplicate entry '2147483647' for key 'PRIMARY'
in SYSTEMPATH\Database\MySQLi\Connection.php on line 300.
 1 SYSTEMPATH\Database\MySQLi\Connection.php(300): mysqli->query('INSERT INTO `usuario` (`cpf`, `senha`, `email`, `tipo_usuario`) VALUES (\'43943068846\', \'dvvefv\', \'miguel@gmail.com\', \'1\')', 0)
 2 SYSTEMPATH\Database\BaseConnection.php(908): CodeIgniter\Database\MySQLi\Connection->execute('INSERT INTO `usuario` (`cpf`, `senha`, `email`, `tipo_usuario`) VALUES (\'43943068846\', \'dvvefv\', \'miguel@gmail.com\', \'1\')')
 3 SYSTEMPATH\Database\BaseConnection.php(825): CodeIgniter\Database\BaseConnection->simpleQuery('INSERT INTO `usuario` (`cpf`, `senha`, `email`, `tipo_usuario`) VALUES (\'43943068846\', \'dvvefv\', \'miguel@gmail.com\', \'1\')')
 4 SYSTEMPATH\Database\BaseBuilder.php(2355): CodeIgniter\Database\BaseConnection->query('INSERT INTO `usuario` (`cpf`, `senha`, `email`, `tipo_usuario`) VALUES (:cpf.1:, :senha:, :email:, :tipo_usuario:)', [...], false)
 5 SYSTEMPATH\Model.php(357): CodeIgniter\Database\BaseBuilder->insert()
 6 SYSTEMPATH\BaseModel.php(899): CodeIgniter\Model->doInsert([...])
 7 SYSTEMPATH\Model.php(670): CodeIgniter\BaseModel->insert([...], false)
 8 SYSTEMPATH\BaseModel.php(752): CodeIgniter\Model->insert([...], false)
 9 APPPATH\Controllers\LoginController.php(57): CodeIgniter\BaseModel->save([...])
10 APPPATH\Controllers\CadastroAlunoController.php(29): App\Controllers\LoginController->salvar([...])
11 SYSTEMPATH\CodeIgniter.php(974): App\Controllers\CadastroAlunoController->salvar()
12 SYSTEMPATH\CodeIgniter.php(520): CodeIgniter\CodeIgniter->runController(Object(App\Controllers\CadastroAlunoController))
13 SYSTEMPATH\CodeIgniter.php(363): CodeIgniter\CodeIgniter->handleRequest(null, Object(Config\Cache), false)
14 SYSTEMPATH\Boot.php(417): CodeIgniter\CodeIgniter->run()
15 SYSTEMPATH\Boot.php(68): CodeIgniter\Boot::runCodeIgniter(Object(CodeIgniter\CodeIgniter))
16 FCPATH\index.php(59): CodeIgniter\Boot::bootWeb(Object(Config\Paths))
17 SYSTEMPATH\rewrite.php(44): require_once('C:\\xampp\\htdocs\\Projeto_Nexus_Biblioteca\\public\\index.php')
ERROR - 2026-08-17 11:25:45 --> Duplicate entry '2147483647' for key 'PRIMARY'
in SYSTEMPATH\Database\MySQLi\Connection.php on line 300.
 1 SYSTEMPATH\Database\MySQLi\Connection.php(300): mysqli->query('INSERT INTO `usuario` (`cpf`, `senha`, `email`, `tipo_usuario`) VALUES (\'4356789890\', \'minguel222\', \'miguel@gmail.com\', \'1\')', 0)
 2 SYSTEMPATH\Database\BaseConnection.php(908): CodeIgniter\Database\MySQLi\Connection->execute('INSERT INTO `usuario` (`cpf`, `senha`, `email`, `tipo_usuario`) VALUES (\'4356789890\', \'minguel222\', \'miguel@gmail.com\', \'1\')')
 3 SYSTEMPATH\Database\BaseConnection.php(825): CodeIgniter\Database\BaseConnection->simpleQuery('INSERT INTO `usuario` (`cpf`, `senha`, `email`, `tipo_usuario`) VALUES (\'4356789890\', \'minguel222\', \'miguel@gmail.com\', \'1\')')
 4 SYSTEMPATH\Database\BaseBuilder.php(2355): CodeIgniter\Database\BaseConnection->query('INSERT INTO `usuario` (`cpf`, `senha`, `email`, `tipo_usuario`) VALUES (:cpf.1:, :senha:, :email:, :tipo_usuario:)', [...], false)
 5 SYSTEMPATH\Model.php(357): CodeIgniter\Database\BaseBuilder->insert()
 6 SYSTEMPATH\BaseModel.php(899): CodeIgniter\Model->doInsert([...])
 7 SYSTEMPATH\Model.php(670): CodeIgniter\BaseModel->insert([...], false)
 8 SYSTEMPATH\BaseModel.php(752): CodeIgniter\Model->insert([...], false)
 9 APPPATH\Controllers\LoginController.php(57): CodeIgniter\BaseModel->save([...])
10 APPPATH\Controllers\CadastroAlunoController.php(29): App\Controllers\LoginController->salvar([...])
11 SYSTEMPATH\CodeIgniter.php(974): App\Controllers\CadastroAlunoController->salvar()
12 SYSTEMPATH\CodeIgniter.php(520): CodeIgniter\CodeIgniter->runController(Object(App\Controllers\CadastroAlunoController))
13 SYSTEMPATH\CodeIgniter.php(363): CodeIgniter\CodeIgniter->handleRequest(null, Object(Config\Cache), false)
14 SYSTEMPATH\Boot.php(417): CodeIgniter\CodeIgniter->run()
15 SYSTEMPATH\Boot.php(68): CodeIgniter\Boot::runCodeIgniter(Object(CodeIgniter\CodeIgniter))
16 FCPATH\index.php(59): CodeIgniter\Boot::bootWeb(Object(Config\Paths))
17 SYSTEMPATH\rewrite.php(44): require_once('C:\\xampp\\htdocs\\Projeto_Nexus_Biblioteca\\public\\index.php')
CRITICAL - 2026-08-17 11:25:45 --> CodeIgniter\Database\Exceptions\DatabaseException: Duplicate entry '2147483647' for key 'PRIMARY'
[Method: POST, Route: bibliotecario/cadastro_aluno/salvar]
in SYSTEMPATH\Database\BaseConnection.php on line 863.
 1 SYSTEMPATH\Database\BaseBuilder.php(2355): CodeIgniter\Database\BaseConnection->query('INSERT INTO `usuario` (`cpf`, `senha`, `email`, `tipo_usuario`) VALUES (:cpf.1:, :senha:, :email:, :tipo_usuario:)', [...], false)
 2 SYSTEMPATH\Model.php(357): CodeIgniter\Database\BaseBuilder->insert()
 3 SYSTEMPATH\BaseModel.php(899): CodeIgniter\Model->doInsert([...])
 4 SYSTEMPATH\Model.php(670): CodeIgniter\BaseModel->insert([...], false)
 5 SYSTEMPATH\BaseModel.php(752): CodeIgniter\Model->insert([...], false)
 6 APPPATH\Controllers\LoginController.php(57): CodeIgniter\BaseModel->save([...])
 7 APPPATH\Controllers\CadastroAlunoController.php(29): App\Controllers\LoginController->salvar([...])
 8 SYSTEMPATH\CodeIgniter.php(974): App\Controllers\CadastroAlunoController->salvar()
 9 SYSTEMPATH\CodeIgniter.php(520): CodeIgniter\CodeIgniter->runController(Object(App\Controllers\CadastroAlunoController))
10 SYSTEMPATH\CodeIgniter.php(363): CodeIgniter\CodeIgniter->handleRequest(null, Object(Config\Cache), false)
11 SYSTEMPATH\Boot.php(417): CodeIgniter\CodeIgniter->run()
12 SYSTEMPATH\Boot.php(68): CodeIgniter\Boot::runCodeIgniter(Object(CodeIgniter\CodeIgniter))
13 FCPATH\index.php(59): CodeIgniter\Boot::bootWeb(Object(Config\Paths))
14 SYSTEMPATH\rewrite.php(44): require_once('C:\\xampp\\htdocs\\Projeto_Nexus_Biblioteca\\public\\index.php')
CRITICAL - 2026-08-17 11:25:45 --> [Caused by] CodeIgniter\Database\Exceptions\DatabaseException: Duplicate entry '2147483647' for key 'PRIMARY'
in SYSTEMPATH\Database\MySQLi\Connection.php on line 310.
 1 SYSTEMPATH\Database\BaseConnection.php(908): CodeIgniter\Database\MySQLi\Connection->execute('INSERT INTO `usuario` (`cpf`, `senha`, `email`, `tipo_usuario`) VALUES (\'4356789890\', \'minguel222\', \'miguel@gmail.com\', \'1\')')
 2 SYSTEMPATH\Database\BaseConnection.php(825): CodeIgniter\Database\BaseConnection->simpleQuery('INSERT INTO `usuario` (`cpf`, `senha`, `email`, `tipo_usuario`) VALUES (\'4356789890\', \'minguel222\', \'miguel@gmail.com\', \'1\')')
 3 SYSTEMPATH\Database\BaseBuilder.php(2355): CodeIgniter\Database\BaseConnection->query('INSERT INTO `usuario` (`cpf`, `senha`, `email`, `tipo_usuario`) VALUES (:cpf.1:, :senha:, :email:, :tipo_usuario:)', [...], false)
 4 SYSTEMPATH\Model.php(357): CodeIgniter\Database\BaseBuilder->insert()
 5 SYSTEMPATH\BaseModel.php(899): CodeIgniter\Model->doInsert([...])
 6 SYSTEMPATH\Model.php(670): CodeIgniter\BaseModel->insert([...], false)
 7 SYSTEMPATH\BaseModel.php(752): CodeIgniter\Model->insert([...], false)
 8 APPPATH\Controllers\LoginController.php(57): CodeIgniter\BaseModel->save([...])
 9 APPPATH\Controllers\CadastroAlunoController.php(29): App\Controllers\LoginController->salvar([...])
10 SYSTEMPATH\CodeIgniter.php(974): App\Controllers\CadastroAlunoController->salvar()
11 SYSTEMPATH\CodeIgniter.php(520): CodeIgniter\CodeIgniter->runController(Object(App\Controllers\CadastroAlunoController))
12 SYSTEMPATH\CodeIgniter.php(363): CodeIgniter\CodeIgniter->handleRequest(null, Object(Config\Cache), false)
13 SYSTEMPATH\Boot.php(417): CodeIgniter\CodeIgniter->run()
14 SYSTEMPATH\Boot.php(68): CodeIgniter\Boot::runCodeIgniter(Object(CodeIgniter\CodeIgniter))
15 FCPATH\index.php(59): CodeIgniter\Boot::bootWeb(Object(Config\Paths))
16 SYSTEMPATH\rewrite.php(44): require_once('C:\\xampp\\htdocs\\Projeto_Nexus_Biblioteca\\public\\index.php')
CRITICAL - 2026-08-17 11:25:45 --> [Caused by] mysqli_sql_exception: Duplicate entry '2147483647' for key 'PRIMARY'
in SYSTEMPATH\Database\MySQLi\Connection.php on line 300.
 1 SYSTEMPATH\Database\MySQLi\Connection.php(300): mysqli->query('INSERT INTO `usuario` (`cpf`, `senha`, `email`, `tipo_usuario`) VALUES (\'4356789890\', \'minguel222\', \'miguel@gmail.com\', \'1\')', 0)
 2 SYSTEMPATH\Database\BaseConnection.php(908): CodeIgniter\Database\MySQLi\Connection->execute('INSERT INTO `usuario` (`cpf`, `senha`, `email`, `tipo_usuario`) VALUES (\'4356789890\', \'minguel222\', \'miguel@gmail.com\', \'1\')')
 3 SYSTEMPATH\Database\BaseConnection.php(825): CodeIgniter\Database\BaseConnection->simpleQuery('INSERT INTO `usuario` (`cpf`, `senha`, `email`, `tipo_usuario`) VALUES (\'4356789890\', \'minguel222\', \'miguel@gmail.com\', \'1\')')
 4 SYSTEMPATH\Database\BaseBuilder.php(2355): CodeIgniter\Database\BaseConnection->query('INSERT INTO `usuario` (`cpf`, `senha`, `email`, `tipo_usuario`) VALUES (:cpf.1:, :senha:, :email:, :tipo_usuario:)', [...], false)
 5 SYSTEMPATH\Model.php(357): CodeIgniter\Database\BaseBuilder->insert()
 6 SYSTEMPATH\BaseModel.php(899): CodeIgniter\Model->doInsert([...])
 7 SYSTEMPATH\Model.php(670): CodeIgniter\BaseModel->insert([...], false)
 8 SYSTEMPATH\BaseModel.php(752): CodeIgniter\Model->insert([...], false)
 9 APPPATH\Controllers\LoginController.php(57): CodeIgniter\BaseModel->save([...])
10 APPPATH\Controllers\CadastroAlunoController.php(29): App\Controllers\LoginController->salvar([...])
11 SYSTEMPATH\CodeIgniter.php(974): App\Controllers\CadastroAlunoController->salvar()
12 SYSTEMPATH\CodeIgniter.php(520): CodeIgniter\CodeIgniter->runController(Object(App\Controllers\CadastroAlunoController))
13 SYSTEMPATH\CodeIgniter.php(363): CodeIgniter\CodeIgniter->handleRequest(null, Object(Config\Cache), false)
14 SYSTEMPATH\Boot.php(417): CodeIgniter\CodeIgniter->run()
15 SYSTEMPATH\Boot.php(68): CodeIgniter\Boot::runCodeIgniter(Object(CodeIgniter\CodeIgniter))
16 FCPATH\index.php(59): CodeIgniter\Boot::bootWeb(Object(Config\Paths))
17 SYSTEMPATH\rewrite.php(44): require_once('C:\\xampp\\htdocs\\Projeto_Nexus_Biblioteca\\public\\index.php')
ERROR - 2026-08-17 11:27:59 --> Duplicate entry '2147483647' for key 'PRIMARY'
in SYSTEMPATH\Database\MySQLi\Connection.php on line 300.
 1 SYSTEMPATH\Database\MySQLi\Connection.php(300): mysqli->query('INSERT INTO `usuario` (`cpf`, `senha`, `email`, `tipo_usuario`) VALUES (\'12345678910\', \'567489\', \'email@email.com\', \'1\')', 0)
 2 SYSTEMPATH\Database\BaseConnection.php(908): CodeIgniter\Database\MySQLi\Connection->execute('INSERT INTO `usuario` (`cpf`, `senha`, `email`, `tipo_usuario`) VALUES (\'12345678910\', \'567489\', \'email@email.com\', \'1\')')
 3 SYSTEMPATH\Database\BaseConnection.php(825): CodeIgniter\Database\BaseConnection->simpleQuery('INSERT INTO `usuario` (`cpf`, `senha`, `email`, `tipo_usuario`) VALUES (\'12345678910\', \'567489\', \'email@email.com\', \'1\')')
 4 SYSTEMPATH\Database\BaseBuilder.php(2355): CodeIgniter\Database\BaseConnection->query('INSERT INTO `usuario` (`cpf`, `senha`, `email`, `tipo_usuario`) VALUES (:cpf.1:, :senha:, :email:, :tipo_usuario:)', [...], false)
 5 SYSTEMPATH\Model.php(357): CodeIgniter\Database\BaseBuilder->insert()
 6 SYSTEMPATH\BaseModel.php(899): CodeIgniter\Model->doInsert([...])
 7 SYSTEMPATH\Model.php(670): CodeIgniter\BaseModel->insert([...], false)
 8 SYSTEMPATH\BaseModel.php(752): CodeIgniter\Model->insert([...], false)
 9 APPPATH\Controllers\LoginController.php(57): CodeIgniter\BaseModel->save([...])
10 APPPATH\Controllers\CadastroAlunoController.php(29): App\Controllers\LoginController->salvar([...])
11 SYSTEMPATH\CodeIgniter.php(974): App\Controllers\CadastroAlunoController->salvar()
12 SYSTEMPATH\CodeIgniter.php(520): CodeIgniter\CodeIgniter->runController(Object(App\Controllers\CadastroAlunoController))
13 SYSTEMPATH\CodeIgniter.php(363): CodeIgniter\CodeIgniter->handleRequest(null, Object(Config\Cache), false)
14 SYSTEMPATH\Boot.php(417): CodeIgniter\CodeIgniter->run()
15 SYSTEMPATH\Boot.php(68): CodeIgniter\Boot::runCodeIgniter(Object(CodeIgniter\CodeIgniter))
16 FCPATH\index.php(59): CodeIgniter\Boot::bootWeb(Object(Config\Paths))
17 SYSTEMPATH\rewrite.php(44): require_once('C:\\xampp\\htdocs\\Projeto_Nexus_Biblioteca\\public\\index.php')
CRITICAL - 2026-08-17 11:27:59 --> CodeIgniter\Database\Exceptions\DatabaseException: Duplicate entry '2147483647' for key 'PRIMARY'
[Method: POST, Route: bibliotecario/cadastro_aluno/salvar]
in SYSTEMPATH\Database\BaseConnection.php on line 863.
 1 SYSTEMPATH\Database\BaseBuilder.php(2355): CodeIgniter\Database\BaseConnection->query('INSERT INTO `usuario` (`cpf`, `senha`, `email`, `tipo_usuario`) VALUES (:cpf.1:, :senha:, :email:, :tipo_usuario:)', [...], false)
 2 SYSTEMPATH\Model.php(357): CodeIgniter\Database\BaseBuilder->insert()
 3 SYSTEMPATH\BaseModel.php(899): CodeIgniter\Model->doInsert([...])
 4 SYSTEMPATH\Model.php(670): CodeIgniter\BaseModel->insert([...], false)
 5 SYSTEMPATH\BaseModel.php(752): CodeIgniter\Model->insert([...], false)
 6 APPPATH\Controllers\LoginController.php(57): CodeIgniter\BaseModel->save([...])
 7 APPPATH\Controllers\CadastroAlunoController.php(29): App\Controllers\LoginController->salvar([...])
 8 SYSTEMPATH\CodeIgniter.php(974): App\Controllers\CadastroAlunoController->salvar()
 9 SYSTEMPATH\CodeIgniter.php(520): CodeIgniter\CodeIgniter->runController(Object(App\Controllers\CadastroAlunoController))
10 SYSTEMPATH\CodeIgniter.php(363): CodeIgniter\CodeIgniter->handleRequest(null, Object(Config\Cache), false)
11 SYSTEMPATH\Boot.php(417): CodeIgniter\CodeIgniter->run()
12 SYSTEMPATH\Boot.php(68): CodeIgniter\Boot::runCodeIgniter(Object(CodeIgniter\CodeIgniter))
13 FCPATH\index.php(59): CodeIgniter\Boot::bootWeb(Object(Config\Paths))
14 SYSTEMPATH\rewrite.php(44): require_once('C:\\xampp\\htdocs\\Projeto_Nexus_Biblioteca\\public\\index.php')
CRITICAL - 2026-08-17 11:27:59 --> [Caused by] CodeIgniter\Database\Exceptions\DatabaseException: Duplicate entry '2147483647' for key 'PRIMARY'
in SYSTEMPATH\Database\MySQLi\Connection.php on line 310.
 1 SYSTEMPATH\Database\BaseConnection.php(908): CodeIgniter\Database\MySQLi\Connection->execute('INSERT INTO `usuario` (`cpf`, `senha`, `email`, `tipo_usuario`) VALUES (\'12345678910\', \'567489\', \'email@email.com\', \'1\')')
 2 SYSTEMPATH\Database\BaseConnection.php(825): CodeIgniter\Database\BaseConnection->simpleQuery('INSERT INTO `usuario` (`cpf`, `senha`, `email`, `tipo_usuario`) VALUES (\'12345678910\', \'567489\', \'email@email.com\', \'1\')')
 3 SYSTEMPATH\Database\BaseBuilder.php(2355): CodeIgniter\Database\BaseConnection->query('INSERT INTO `usuario` (`cpf`, `senha`, `email`, `tipo_usuario`) VALUES (:cpf.1:, :senha:, :email:, :tipo_usuario:)', [...], false)
 4 SYSTEMPATH\Model.php(357): CodeIgniter\Database\BaseBuilder->insert()
 5 SYSTEMPATH\BaseModel.php(899): CodeIgniter\Model->doInsert([...])
 6 SYSTEMPATH\Model.php(670): CodeIgniter\BaseModel->insert([...], false)
 7 SYSTEMPATH\BaseModel.php(752): CodeIgniter\Model->insert([...], false)
 8 APPPATH\Controllers\LoginController.php(57): CodeIgniter\BaseModel->save([...])
 9 APPPATH\Controllers\CadastroAlunoController.php(29): App\Controllers\LoginController->salvar([...])
10 SYSTEMPATH\CodeIgniter.php(974): App\Controllers\CadastroAlunoController->salvar()
11 SYSTEMPATH\CodeIgniter.php(520): CodeIgniter\CodeIgniter->runController(Object(App\Controllers\CadastroAlunoController))
12 SYSTEMPATH\CodeIgniter.php(363): CodeIgniter\CodeIgniter->handleRequest(null, Object(Config\Cache), false)
13 SYSTEMPATH\Boot.php(417): CodeIgniter\CodeIgniter->run()
14 SYSTEMPATH\Boot.php(68): CodeIgniter\Boot::runCodeIgniter(Object(CodeIgniter\CodeIgniter))
15 FCPATH\index.php(59): CodeIgniter\Boot::bootWeb(Object(Config\Paths))
16 SYSTEMPATH\rewrite.php(44): require_once('C:\\xampp\\htdocs\\Projeto_Nexus_Biblioteca\\public\\index.php')
CRITICAL - 2026-08-17 11:27:59 --> [Caused by] mysqli_sql_exception: Duplicate entry '2147483647' for key 'PRIMARY'
in SYSTEMPATH\Database\MySQLi\Connection.php on line 300.
 1 SYSTEMPATH\Database\MySQLi\Connection.php(300): mysqli->query('INSERT INTO `usuario` (`cpf`, `senha`, `email`, `tipo_usuario`) VALUES (\'12345678910\', \'567489\', \'email@email.com\', \'1\')', 0)
 2 SYSTEMPATH\Database\BaseConnection.php(908): CodeIgniter\Database\MySQLi\Connection->execute('INSERT INTO `usuario` (`cpf`, `senha`, `email`, `tipo_usuario`) VALUES (\'12345678910\', \'567489\', \'email@email.com\', \'1\')')
 3 SYSTEMPATH\Database\BaseConnection.php(825): CodeIgniter\Database\BaseConnection->simpleQuery('INSERT INTO `usuario` (`cpf`, `senha`, `email`, `tipo_usuario`) VALUES (\'12345678910\', \'567489\', \'email@email.com\', \'1\')')
 4 SYSTEMPATH\Database\BaseBuilder.php(2355): CodeIgniter\Database\BaseConnection->query('INSERT INTO `usuario` (`cpf`, `senha`, `email`, `tipo_usuario`) VALUES (:cpf.1:, :senha:, :email:, :tipo_usuario:)', [...], false)
 5 SYSTEMPATH\Model.php(357): CodeIgniter\Database\BaseBuilder->insert()
 6 SYSTEMPATH\BaseModel.php(899): CodeIgniter\Model->doInsert([...])
 7 SYSTEMPATH\Model.php(670): CodeIgniter\BaseModel->insert([...], false)
 8 SYSTEMPATH\BaseModel.php(752): CodeIgniter\Model->insert([...], false)
 9 APPPATH\Controllers\LoginController.php(57): CodeIgniter\BaseModel->save([...])
10 APPPATH\Controllers\CadastroAlunoController.php(29): App\Controllers\LoginController->salvar([...])
11 SYSTEMPATH\CodeIgniter.php(974): App\Controllers\CadastroAlunoController->salvar()
12 SYSTEMPATH\CodeIgniter.php(520): CodeIgniter\CodeIgniter->runController(Object(App\Controllers\CadastroAlunoController))
13 SYSTEMPATH\CodeIgniter.php(363): CodeIgniter\CodeIgniter->handleRequest(null, Object(Config\Cache), false)
14 SYSTEMPATH\Boot.php(417): CodeIgniter\CodeIgniter->run()
15 SYSTEMPATH\Boot.php(68): CodeIgniter\Boot::runCodeIgniter(Object(CodeIgniter\CodeIgniter))
16 FCPATH\index.php(59): CodeIgniter\Boot::bootWeb(Object(Config\Paths))
17 SYSTEMPATH\rewrite.php(44): require_once('C:\\xampp\\htdocs\\Projeto_Nexus_Biblioteca\\public\\index.php')
